// Jest Snapshot v1, https://goo.gl/fbAQLP

exports[`SNAPSHOT testing  1`] = `undefined`;
